00:05:33: Creating resource group General
00:05:33: Creating resource group Internal
00:05:33: Creating resource group Autodetect
00:05:33: SceneManagerFactory for type 'DefaultSceneManager' registered.
00:05:33: Registering ResourceManager for type Material
00:05:33: Registering ResourceManager for type Mesh
00:05:33: Registering ResourceManager for type Skeleton
00:05:33: MovableObjectFactory for type 'ParticleSystem' registered.
00:05:33: OverlayElementFactory for type Panel registered.
00:05:33: OverlayElementFactory for type BorderPanel registered.
00:05:33: OverlayElementFactory for type TextArea registered.
00:05:33: Registering ResourceManager for type Font
00:05:33: ArchiveFactory for archive type FileSystem registered.
00:05:33: ArchiveFactory for archive type Zip registered.
00:05:33: ArchiveFactory for archive type EmbeddedZip registered.
00:05:33: DDS codec registering
00:05:33: FreeImage version: 3.15.3
00:05:33: This program uses FreeImage, a free, open source image library supporting all common bitmap formats. See http://freeimage.sourceforge.net for details
00:05:33: Supported formats: bmp,ico,jpg,jif,jpeg,jpe,jng,koa,iff,lbm,mng,pbm,pbm,pcd,pcx,pgm,pgm,png,ppm,ppm,ras,tga,targa,tif,tiff,wap,wbmp,wbm,psd,cut,xbm,xpm,gif,hdr,g3,sgi,exr,j2k,j2c,jp2,pfm,pct,pict,pic,3fr,arw,bay,bmq,cap,cine,cr2,crw,cs1,dc2,dcr,drf,dsc,dng,erf,fff,ia,iiq,k25,kc2,kdc,mdc,mef,mos,mrw,nef,nrw,orf,pef,ptx,pxn,qtk,raf,raw,rdc,rw2,rwl,rwz,sr2,srf,srw,sti
00:05:33: Registering ResourceManager for type HighLevelGpuProgram
00:05:33: Registering ResourceManager for type Compositor
00:05:33: MovableObjectFactory for type 'Entity' registered.
00:05:33: MovableObjectFactory for type 'Light' registered.
00:05:33: MovableObjectFactory for type 'BillboardSet' registered.
00:05:33: MovableObjectFactory for type 'ManualObject' registered.
00:05:33: MovableObjectFactory for type 'BillboardChain' registered.
00:05:33: MovableObjectFactory for type 'RibbonTrail' registered.
00:05:33: Loading library .\RenderSystem_Direct3D9
00:05:33: Installing plugin: D3D9 RenderSystem
00:05:33: D3D9 : Direct3D9 Rendering Subsystem created.
00:05:33: D3D9: Driver Detection Starts
00:05:33: D3D9: Driver Detection Ends
00:05:33: Plugin successfully installed
00:05:33: Loading library .\RenderSystem_GL
00:05:33: Installing plugin: GL RenderSystem
00:05:33: OpenGL Rendering Subsystem created.
00:05:33: Plugin successfully installed
00:05:33: Loading library .\Plugin_OctreeSceneManager
00:05:33: Installing plugin: Octree Scene Manager
00:05:33: Plugin successfully installed
00:05:33: *-*-* OGRE Initialising
00:05:33: *-*-* Version 1.8.1 (Byatis)
00:05:33: Creating resource group Bootstrap
00:05:33: Added resource location 'Media/packs/OgreCore.zip' of type 'Zip' to resource group 'Bootstrap'
00:05:33: Added resource location 'Media/packs/SdkTrays.zip' of type 'Zip' to resource group 'Bootstrap'
00:05:33: Added resource location 'Media' of type 'FileSystem' to resource group 'General'
00:05:33: Added resource location 'Media/Bloom' of type 'FileSystem' to resource group 'General'
00:05:33: Added resource location 'Media/materials/programs' of type 'FileSystem' to resource group 'General'
00:05:33: Added resource location 'Media/materials/scripts' of type 'FileSystem' to resource group 'General'
00:05:33: Added resource location 'Media/materials/textures' of type 'FileSystem' to resource group 'General'
00:05:33: Added resource location 'Media/models' of type 'FileSystem' to resource group 'General'
00:05:33: Creating resource group Hydrax
00:05:33: Added resource location 'Media/Hydrax' of type 'FileSystem' to resource group 'Hydrax'
00:05:33: Creating resource group SkyX
00:05:33: Added resource location 'Media/SkyX' of type 'FileSystem' to resource group 'SkyX'
00:05:33: Creating resource group Terrain
00:05:33: Added resource location 'Media/Terrain/programs' of type 'FileSystem' to resource group 'Terrain'
00:05:33: Added resource location 'Media/Terrain/scripts' of type 'FileSystem' to resource group 'Terrain'
00:05:33: Added resource location 'Media/Terrain/textures' of type 'FileSystem' to resource group 'Terrain'
00:05:33: D3D9 : RenderSystem Option: Allow NVPerfHUD = No
00:05:33: D3D9 : RenderSystem Option: FSAA = 0
00:05:33: D3D9 : RenderSystem Option: Fixed Pipeline Enabled = Yes
00:05:33: D3D9 : RenderSystem Option: Floating-point mode = Fastest
00:05:33: D3D9 : RenderSystem Option: Full Screen = No
00:05:33: D3D9 : RenderSystem Option: Multi device memory hint = Use minimum system memory
00:05:33: D3D9 : RenderSystem Option: Rendering Device = Monitor-1-Intel(R) HD Graphics Family
00:05:33: D3D9 : RenderSystem Option: Resource Creation Policy = Create on all devices
00:05:33: D3D9 : RenderSystem Option: Use Multihead = Auto
00:05:33: D3D9 : RenderSystem Option: VSync = No
00:05:33: D3D9 : RenderSystem Option: VSync Interval = 1
00:05:33: D3D9 : RenderSystem Option: Video Mode = 800 x 600 @ 32-bit colour
00:05:33: D3D9 : RenderSystem Option: sRGB Gamma Conversion = No
00:05:35: CPU Identifier & Features
00:05:35: -------------------------
00:05:35:  *   CPU ID: GenuineIntel: Intel(R) Core(TM) i5-2410M CPU @ 2.30GHz
00:05:35:  *      SSE: yes
00:05:35:  *     SSE2: yes
00:05:35:  *     SSE3: yes
00:05:35:  *      MMX: yes
00:05:35:  *   MMXEXT: yes
00:05:35:  *    3DNOW: no
00:05:35:  * 3DNOWEXT: no
00:05:35:  *     CMOV: yes
00:05:35:  *      TSC: yes
00:05:35:  *      FPU: yes
00:05:35:  *      PRO: yes
00:05:35:  *       HT: no
00:05:35: -------------------------
00:05:35: D3D9 : Subsystem Initialising
00:05:35: Registering ResourceManager for type Texture
00:05:35: Registering ResourceManager for type GpuProgram
00:05:35: D3D9RenderSystem::_createRenderWindow "OGRE Render Window", 800x600 windowed  miscParams: FSAA=0 FSAAHint= colourDepth=32 gamma=false monitorIndex=0 useNVPerfHUD=false vsync=false vsyncInterval=1 
00:05:35: D3D9 : Created D3D9 Rendering Window 'OGRE Render Window' : 800x600, 32bpp
00:05:35: D3D9 : WARNING - disabling VSync in windowed mode can cause timing issues at lower frame rates, turn VSync on if you observe this problem.
00:05:35: D3D9: Vertex texture format supported - PF_L8
00:05:35: D3D9: Vertex texture format supported - PF_L16
00:05:35: D3D9: Vertex texture format supported - PF_A8
00:05:35: D3D9: Vertex texture format supported - PF_A4L4
00:05:35: D3D9: Vertex texture format supported - PF_BYTE_LA
00:05:35: D3D9: Vertex texture format supported - PF_R5G6B5
00:05:35: D3D9: Vertex texture format supported - PF_B5G6R5
00:05:35: D3D9: Vertex texture format supported - PF_A4R4G4B4
00:05:35: D3D9: Vertex texture format supported - PF_A1R5G5B5
00:05:35: D3D9: Vertex texture format supported - PF_A8R8G8B8
00:05:35: D3D9: Vertex texture format supported - PF_B8G8R8A8
00:05:35: D3D9: Vertex texture format supported - PF_A2R10G10B10
00:05:35: D3D9: Vertex texture format supported - PF_A2B10G10R10
00:05:35: D3D9: Vertex texture format supported - PF_DXT1
00:05:35: D3D9: Vertex texture format supported - PF_DXT2
00:05:35: D3D9: Vertex texture format supported - PF_DXT3
00:05:35: D3D9: Vertex texture format supported - PF_DXT4
00:05:35: D3D9: Vertex texture format supported - PF_DXT5
00:05:35: D3D9: Vertex texture format supported - PF_FLOAT16_RGB
00:05:35: D3D9: Vertex texture format supported - PF_FLOAT16_RGBA
00:05:35: D3D9: Vertex texture format supported - PF_FLOAT32_RGB
00:05:35: D3D9: Vertex texture format supported - PF_FLOAT32_RGBA
00:05:35: D3D9: Vertex texture format supported - PF_X8R8G8B8
00:05:35: D3D9: Vertex texture format supported - PF_R8G8B8A8
00:05:35: D3D9: Vertex texture format supported - PF_DEPTH
00:05:35: D3D9: Vertex texture format supported - PF_SHORT_RGBA
00:05:35: D3D9: Vertex texture format supported - PF_FLOAT16_R
00:05:35: D3D9: Vertex texture format supported - PF_FLOAT32_R
00:05:35: D3D9: Vertex texture format supported - PF_SHORT_GR
00:05:35: D3D9: Vertex texture format supported - PF_FLOAT16_GR
00:05:35: D3D9: Vertex texture format supported - PF_FLOAT32_GR
00:05:35: D3D9: Vertex texture format supported - PF_SHORT_RGB
00:05:35: D3D9: Vertex texture format supported - PF_PVRTC_RGB2
00:05:35: D3D9: Vertex texture format supported - PF_PVRTC_RGBA2
00:05:35: D3D9: Vertex texture format supported - PF_PVRTC_RGB4
00:05:35: D3D9: Vertex texture format supported - PF_PVRTC_RGBA4
00:05:35: D3D9: Vertex texture format supported - PF_R8
00:05:35: D3D9: Vertex texture format supported - PF_RG8
00:05:35: RenderSystem capabilities
00:05:35: -------------------------
00:05:35: RenderSystem Name: Direct3D9 Rendering Subsystem
00:05:35: GPU Vendor: intel
00:05:35: Device Name: Monitor-1-Intel(R) HD Graphics Family
00:05:35: Driver Version: 8.15.10.2345
00:05:35:  * Fixed function pipeline: yes
00:05:35:  * Hardware generation of mipmaps: yes
00:05:35:  * Texture blending: yes
00:05:35:  * Anisotropic texture filtering: yes
00:05:35:  * Dot product texture operation: yes
00:05:35:  * Cube mapping: yes
00:05:35:  * Hardware stencil buffer: yes
00:05:35:    - Stencil depth: 8
00:05:35:    - Two sided stencil support: yes
00:05:35:    - Wrap stencil values: yes
00:05:35:  * Hardware vertex / index buffers: yes
00:05:35:  * Vertex programs: yes
00:05:35:  * Number of floating-point constants for vertex programs: 256
00:05:35:  * Number of integer constants for vertex programs: 16
00:05:35:  * Number of boolean constants for vertex programs: 16
00:05:35:  * Fragment programs: yes
00:05:35:  * Number of floating-point constants for fragment programs: 224
00:05:35:  * Number of integer constants for fragment programs: 16
00:05:35:  * Number of boolean constants for fragment programs: 16
00:05:35:  * Geometry programs: no
00:05:35:  * Number of floating-point constants for geometry programs: 144
00:05:35:  * Number of integer constants for geometry programs: 54020
00:05:35:  * Number of boolean constants for geometry programs: 144
00:05:35:  * Supported Shader Profiles: hlsl ps_1_1 ps_1_2 ps_1_3 ps_1_4 ps_2_0 ps_2_a ps_2_b ps_2_x ps_3_0 vs_1_1 vs_2_0 vs_2_a vs_2_x vs_3_0
00:05:35:  * Texture Compression: yes
00:05:35:    - DXT: yes
00:05:35:    - VTC: no
00:05:35:    - PVRTC: no
00:05:35:  * Scissor Rectangle: yes
00:05:35:  * Hardware Occlusion Query: yes
00:05:35:  * User clip planes: yes
00:05:35:  * VET_UBYTE4 vertex element type: yes
00:05:35:  * Infinite far plane projection: yes
00:05:35:  * Hardware render-to-texture: yes
00:05:35:  * Floating point textures: yes
00:05:35:  * Non-power-of-two textures: yes
00:05:35:  * Volume textures: yes
00:05:35:  * Multiple Render Targets: 4
00:05:35:    - With different bit depths: yes
00:05:35:  * Point Sprites: yes
00:05:35:  * Extended point parameters: yes
00:05:35:  * Max Point Size: 256
00:05:35:  * Vertex texture fetch: yes
00:05:35:  * Number of world matrices: 0
00:05:35:  * Number of texture units: 8
00:05:35:  * Stencil buffer depth: 8
00:05:35:  * Number of vertex blend matrices: 0
00:05:35:    - Max vertex textures: 4
00:05:35:    - Vertex textures shared: no
00:05:35:  * Render to Vertex Buffer : no
00:05:35:  * DirectX per stage constants: yes
00:05:35: ***************************************
00:05:35: *** D3D9 : Subsystem Initialised OK ***
00:05:35: ***************************************
00:05:35: DefaultWorkQueue('Root') initialising on thread a40.
00:05:35: Particle Renderer Type 'billboard' registered
00:05:35: DefaultWorkQueue('Root')::WorkerFunc - thread 129c starting.
00:05:35: SceneManagerFactory for type 'OctreeSceneManager' registered.
00:05:35: Parsing scripts for resource group Autodetect
00:05:35: DefaultWorkQueue('Root')::WorkerFunc - thread 468 starting.
00:05:35: Finished parsing scripts for resource group Autodetect
00:05:35: Creating resources for group Autodetect
00:05:35: All done
00:05:35: DefaultWorkQueue('Root')::WorkerFunc - thread 498 starting.
00:05:35: DefaultWorkQueue('Root')::WorkerFunc - thread 764 starting.
00:05:35: Parsing scripts for resource group Bootstrap
00:05:35: Parsing script OgreCore.material
00:05:35: Parsing script OgreProfiler.material
00:05:35: Parsing script SdkTrays.material
00:05:35: Parsing script Ogre.fontdef
00:05:35: Parsing script SdkTrays.fontdef
00:05:35: Parsing script OgreDebugPanel.overlay
00:05:35: Texture: New_Ogre_Border_Center.png: Loading 1 faces(PF_A8R8G8B8,256x128x1) Internal format is PF_A8R8G8B8,256x128x1.
00:05:35: Texture: New_Ogre_Border.png: Loading 1 faces(PF_A8R8G8B8,256x256x1) Internal format is PF_A8R8G8B8,256x256x1.
00:05:35: Texture: New_Ogre_Border_Break.png: Loading 1 faces(PF_A8R8G8B8,32x32x1) Internal format is PF_A8R8G8B8,32x32x1.
00:05:35: Texture: ogretext.png: Loading 1 faces(PF_A8R8G8B8,256x128x1) Internal format is PF_A8R8G8B8,256x128x1.
00:05:35: Parsing script OgreLoadingPanel.overlay
00:05:35: Parsing script SdkTrays.overlay
00:05:35: Texture: sdk_cursor.png: Loading 1 faces(PF_A8R8G8B8,32x32x1) Internal format is PF_A8R8G8B8,32x32x1.
00:05:35: Texture: sdk_tray.png: Loading 1 faces(PF_A8R8G8B8,64x64x1) Internal format is PF_A8R8G8B8,64x64x1.
00:05:35: Texture: sdk_button_up.png: Loading 1 faces(PF_A8R8G8B8,128x32x1) Internal format is PF_A8R8G8B8,128x32x1.
00:05:35: Texture: sdk_text_box.png: Loading 1 faces(PF_A8R8G8B8,32x32x1) Internal format is PF_A8R8G8B8,32x32x1.
00:05:35: Texture: sdk_mini_tray.png: Loading 1 faces(PF_A8R8G8B8,32x32x1) Internal format is PF_A8R8G8B8,32x32x1.
00:05:35: Texture: sdk_track.png: Loading 1 faces(PF_A8R8G8B8,16x32x1) Internal format is PF_A8R8G8B8,16x32x1.
00:05:35: Texture: sdk_handle.png: Loading 1 faces(PF_A8R8G8B8,16x16x1) Internal format is PF_A8R8G8B8,16x16x1.
00:05:35: Texture: sdk_mini_text_box.png: Loading 1 faces(PF_A8R8G8B8,32x32x1) Internal format is PF_A8R8G8B8,32x32x1.
00:05:35: Texture: sdk_label.png: Loading 1 faces(PF_A8R8G8B8,32x32x1) Internal format is PF_A8R8G8B8,32x32x1.
00:05:35: Texture: sdk_separator.png: Loading 1 faces(PF_A8R8G8B8,64x16x1) Internal format is PF_A8R8G8B8,64x16x1.
00:05:35: Texture: sdk_logo.png: Loading 1 faces(PF_A8R8G8B8,128x64x1) Internal format is PF_A8R8G8B8,128x64x1.
00:05:35: Texture: sdk_shade.png: Loading 1 faces(PF_A8R8G8B8,64x48x1) with 5 generated mipmaps from Image. Internal format is PF_A8R8G8B8,64x48x1.
00:05:35: Texture: sdk_frame.png: Loading 1 faces(PF_A8R8G8B8,32x32x1) Internal format is PF_A8R8G8B8,32x32x1.
00:05:35: Texture: sdk_mini_text_box_over.png: Loading 1 faces(PF_A8R8G8B8,32x32x1) Internal format is PF_A8R8G8B8,32x32x1.
00:05:35: Texture: sdk_pulse.png: Loading 1 faces(PF_R8G8B8,8x1x1) Internal format is PF_X8R8G8B8,8x1x1.
00:05:35: Finished parsing scripts for resource group Bootstrap
00:05:35: Creating resources for group Bootstrap
00:05:35: All done
00:05:35: Parsing scripts for resource group General
00:05:35: Parsing script Bloom.material
00:05:35: Parsing script Island.material
00:05:35: Parsing script Palm.material
00:05:35: Parsing script Bloom.compositor
00:05:35: Finished parsing scripts for resource group General
00:05:35: Creating resources for group General
00:05:35: All done
00:05:35: Parsing scripts for resource group Hydrax
00:05:35: Finished parsing scripts for resource group Hydrax
00:05:35: Creating resources for group Hydrax
00:05:35: All done
00:05:35: Parsing scripts for resource group Internal
00:05:35: Finished parsing scripts for resource group Internal
00:05:35: Creating resources for group Internal
00:05:35: All done
00:05:35: Parsing scripts for resource group SkyX
00:05:35: Parsing script SkyX.material
00:05:37: Finished parsing scripts for resource group SkyX
00:05:37: Creating resources for group SkyX
00:05:37: All done
00:05:37: Parsing scripts for resource group Terrain
00:05:37: Parsing script Examples.material
00:05:37: Parsing script Terrain.material
00:05:37: Finished parsing scripts for resource group Terrain
00:05:37: Creating resources for group Terrain
00:05:37: All done
00:05:37: Can't assign material _NULL_ to SubEntity of SkyXMeshEnt because this Material does not exist. Have you forgotten to define it in a .material script?
00:05:37: Texture: SkyX_Starfield.png: Loading 1 faces(PF_A8R8G8B8,512x512x1) Internal format is PF_A8R8G8B8,512x512x1.
00:05:37: Texture: SkyX_Moon.png: Loading 1 faces(PF_A8R8G8B8,512x512x1) Internal format is PF_A8R8G8B8,512x512x1.
00:05:37: Texture: SkyX_MoonHalo.png: Loading 1 faces(PF_A8R8G8B8,512x256x1) Internal format is PF_A8R8G8B8,512x256x1.
00:05:37: [Hydrax] Hydrax created.
00:05:37: [Hydrax] HydraxDemo.hdx loaded.
00:05:37: [Hydrax] ProjectedGridVertex options entry found.
00:05:37: [Hydrax] 	Reading options...
00:05:37: [Hydrax] 	Options readed.
00:05:37: [Hydrax] Perlin options entry found.
00:05:37: [Hydrax] Creating module...
00:05:37: [Hydrax] Creating ProjectedGridVertex module.
00:05:37: [Hydrax] ProjectedGridVertex created.
00:05:37: [Hydrax] Module created.
00:05:37: [Hydrax] Initializating RTT Manager...
00:05:37: [Hydrax] RTT manager initialized.
00:05:37: [Hydrax] Registring device restored listener...
00:05:37: [Hydrax] Device restored listener registred.
00:05:37: [Hydrax] Creating materials...
00:05:37: [Hydrax] Creating water material...
00:05:37: Texture: Fresnel.bmp: Loading 1 faces(PF_L8,256x1x1) with 5 generated mipmaps from Image. Internal format is PF_L8,256x1x1.
00:05:37: Texture: Foam.png: Loading 1 faces(PF_R8G8B8,512x512x1) Internal format is PF_X8R8G8B8,512x512x1.
00:05:37: [Hydrax] Water material created.
00:05:37: [Hydrax] Creating depth material...
00:05:37: Texture: Caustics_0.bmp: Loading 1 faces(PF_R8G8B8,128x128x1) Internal format is PF_X8R8G8B8,128x128x1.
00:05:37: Texture: Caustics_1.bmp: Loading 1 faces(PF_R8G8B8,128x128x1) Internal format is PF_X8R8G8B8,128x128x1.
00:05:37: Texture: Caustics_2.bmp: Loading 1 faces(PF_R8G8B8,128x128x1) Internal format is PF_X8R8G8B8,128x128x1.
00:05:37: Texture: Caustics_3.bmp: Loading 1 faces(PF_R8G8B8,128x128x1) Internal format is PF_X8R8G8B8,128x128x1.
00:05:37: Texture: Caustics_4.bmp: Loading 1 faces(PF_R8G8B8,128x128x1) Internal format is PF_X8R8G8B8,128x128x1.
00:05:37: Texture: Caustics_5.bmp: Loading 1 faces(PF_R8G8B8,128x128x1) Internal format is PF_X8R8G8B8,128x128x1.
00:05:37: Texture: Caustics_6.bmp: Loading 1 faces(PF_R8G8B8,128x128x1) Internal format is PF_X8R8G8B8,128x128x1.
00:05:37: Texture: Caustics_7.bmp: Loading 1 faces(PF_R8G8B8,128x128x1) Internal format is PF_X8R8G8B8,128x128x1.
00:05:37: Texture: Caustics_8.bmp: Loading 1 faces(PF_R8G8B8,128x128x1) Internal format is PF_X8R8G8B8,128x128x1.
00:05:37: Texture: Caustics_9.bmp: Loading 1 faces(PF_R8G8B8,128x128x1) Internal format is PF_X8R8G8B8,128x128x1.
00:05:37: Texture: Caustics_10.bmp: Loading 1 faces(PF_R8G8B8,128x128x1) Internal format is PF_X8R8G8B8,128x128x1.
00:05:37: Texture: Caustics_11.bmp: Loading 1 faces(PF_R8G8B8,128x128x1) Internal format is PF_X8R8G8B8,128x128x1.
00:05:37: Texture: Caustics_12.bmp: Loading 1 faces(PF_R8G8B8,128x128x1) Internal format is PF_X8R8G8B8,128x128x1.
00:05:37: Texture: Caustics_13.bmp: Loading 1 faces(PF_R8G8B8,128x128x1) Internal format is PF_X8R8G8B8,128x128x1.
00:05:37: Texture: Caustics_14.bmp: Loading 1 faces(PF_R8G8B8,128x128x1) Internal format is PF_X8R8G8B8,128x128x1.
00:05:37: Texture: Caustics_15.bmp: Loading 1 faces(PF_R8G8B8,128x128x1) Internal format is PF_X8R8G8B8,128x128x1.
00:05:37: Texture: Caustics_16.bmp: Loading 1 faces(PF_R8G8B8,128x128x1) Internal format is PF_X8R8G8B8,128x128x1.
00:05:37: Texture: Caustics_17.bmp: Loading 1 faces(PF_R8G8B8,128x128x1) Internal format is PF_X8R8G8B8,128x128x1.
00:05:37: Texture: Caustics_18.bmp: Loading 1 faces(PF_R8G8B8,128x128x1) Internal format is PF_X8R8G8B8,128x128x1.
00:05:37: Texture: Caustics_19.bmp: Loading 1 faces(PF_R8G8B8,128x128x1) Internal format is PF_X8R8G8B8,128x128x1.
00:05:37: Texture: Caustics_20.bmp: Loading 1 faces(PF_R8G8B8,128x128x1) Internal format is PF_X8R8G8B8,128x128x1.
00:05:37: Texture: Caustics_21.bmp: Loading 1 faces(PF_R8G8B8,128x128x1) Internal format is PF_X8R8G8B8,128x128x1.
00:05:37: Texture: Caustics_22.bmp: Loading 1 faces(PF_R8G8B8,128x128x1) Internal format is PF_X8R8G8B8,128x128x1.
00:05:37: Texture: Caustics_23.bmp: Loading 1 faces(PF_R8G8B8,128x128x1) Internal format is PF_X8R8G8B8,128x128x1.
00:05:37: Texture: Caustics_24.bmp: Loading 1 faces(PF_R8G8B8,128x128x1) Internal format is PF_X8R8G8B8,128x128x1.
00:05:37: Texture: Caustics_25.bmp: Loading 1 faces(PF_R8G8B8,128x128x1) Internal format is PF_X8R8G8B8,128x128x1.
00:05:37: Texture: Caustics_26.bmp: Loading 1 faces(PF_R8G8B8,128x128x1) Internal format is PF_X8R8G8B8,128x128x1.
00:05:37: Texture: Caustics_27.bmp: Loading 1 faces(PF_R8G8B8,128x128x1) Internal format is PF_X8R8G8B8,128x128x1.
00:05:37: Texture: Caustics_28.bmp: Loading 1 faces(PF_R8G8B8,128x128x1) Internal format is PF_X8R8G8B8,128x128x1.
00:05:37: Texture: Caustics_29.bmp: Loading 1 faces(PF_R8G8B8,128x128x1) Internal format is PF_X8R8G8B8,128x128x1.
00:05:37: Texture: Caustics_30.bmp: Loading 1 faces(PF_R8G8B8,128x128x1) Internal format is PF_X8R8G8B8,128x128x1.
00:05:37: Texture: Caustics_31.bmp: Loading 1 faces(PF_R8G8B8,128x128x1) Internal format is PF_X8R8G8B8,128x128x1.
00:05:37: [Hydrax] Depth material created.
00:05:37: [Hydrax] Materials created.
00:05:37: [Hydrax] Creating water mesh...
00:05:37: [Hydrax] Water mesh created.
00:05:37: Terrain created; size=513 minBatch=33 maxBatch=65 treeDepth=4 lodLevels=5 leafLods=2
00:05:37: Mesh: Loading Palm.mesh.
00:05:37: WARNING: Palm.mesh is an older format ([MeshSerializer_v1.40]); you should upgrade it as soon as possible using the OgreMeshUpgrade tool.
00:05:37: Texture: Palm.tga: Loading 1 faces(PF_A8R8G8B8,512x512x1) Internal format is PF_A8R8G8B8,512x512x1.
00:05:37: *** Initializing OIS ***
00:05:37: D3D9 : Loading 2D Texture, image name : 'dirt_grayrocky_diffusespecular.dds' with 5 mip map levels
00:05:37: D3D9 : Loading 2D Texture, image name : 'dirt_grayrocky_normalheight.dds' with 5 mip map levels
00:05:38: D3D9 : Loading 2D Texture, image name : 'grass_green-01_diffusespecular.dds' with 5 mip map levels
00:05:38: D3D9 : Loading 2D Texture, image name : 'grass_green-01_normalheight.dds' with 5 mip map levels
00:05:38: D3D9 : Loading 2D Texture, image name : 'growth_weirdfungus-03_diffusespecular.dds' with 5 mip map levels
00:05:38: D3D9 : Loading 2D Texture, image name : 'growth_weirdfungus-03_normalheight.dds' with 5 mip map levels
00:05:38: Texture: Clouds.png: Loading 1 faces(PF_A8R8G8B8,1024x1024x1) Internal format is PF_A8R8G8B8,1024x1024x1.
00:05:38: Texture: CloudsNormal.png: Loading 1 faces(PF_A8R8G8B8,1024x1024x1) Internal format is PF_A8R8G8B8,1024x1024x1.
00:05:38: Texture: CloudsTile.png: Loading 1 faces(PF_A8R8G8B8,1024x1024x1) Internal format is PF_A8R8G8B8,1024x1024x1.
00:05:38: Font BlueHighway using texture size 512x512
00:05:38: Info: Freetype returned null for character 127 in font BlueHighway
00:05:38: Info: Freetype returned null for character 128 in font BlueHighway
00:05:38: Info: Freetype returned null for character 129 in font BlueHighway
00:05:38: Info: Freetype returned null for character 130 in font BlueHighway
00:05:38: Info: Freetype returned null for character 131 in font BlueHighway
00:05:38: Info: Freetype returned null for character 132 in font BlueHighway
00:05:38: Info: Freetype returned null for character 133 in font BlueHighway
00:05:38: Info: Freetype returned null for character 134 in font BlueHighway
00:05:38: Info: Freetype returned null for character 135 in font BlueHighway
00:05:38: Info: Freetype returned null for character 136 in font BlueHighway
00:05:38: Info: Freetype returned null for character 137 in font BlueHighway
00:05:38: Info: Freetype returned null for character 138 in font BlueHighway
00:05:38: Info: Freetype returned null for character 139 in font BlueHighway
00:05:38: Info: Freetype returned null for character 140 in font BlueHighway
00:05:38: Info: Freetype returned null for character 141 in font BlueHighway
00:05:38: Info: Freetype returned null for character 142 in font BlueHighway
00:05:38: Info: Freetype returned null for character 143 in font BlueHighway
00:05:38: Info: Freetype returned null for character 144 in font BlueHighway
00:05:38: Info: Freetype returned null for character 145 in font BlueHighway
00:05:38: Info: Freetype returned null for character 146 in font BlueHighway
00:05:38: Info: Freetype returned null for character 147 in font BlueHighway
00:05:38: Info: Freetype returned null for character 148 in font BlueHighway
00:05:38: Info: Freetype returned null for character 149 in font BlueHighway
00:05:38: Info: Freetype returned null for character 150 in font BlueHighway
00:05:38: Info: Freetype returned null for character 151 in font BlueHighway
00:05:38: Info: Freetype returned null for character 152 in font BlueHighway
00:05:38: Info: Freetype returned null for character 153 in font BlueHighway
00:05:38: Info: Freetype returned null for character 154 in font BlueHighway
00:05:38: Info: Freetype returned null for character 155 in font BlueHighway
00:05:38: Info: Freetype returned null for character 156 in font BlueHighway
00:05:38: Info: Freetype returned null for character 157 in font BlueHighway
00:05:38: Info: Freetype returned null for character 158 in font BlueHighway
00:05:38: Info: Freetype returned null for character 159 in font BlueHighway
00:05:38: Info: Freetype returned null for character 160 in font BlueHighway
00:05:38: Texture: BlueHighwayTexture: Loading 1 faces(PF_BYTE_LA,512x512x1) with 0 generated mipmaps from Image. Internal format is PF_BYTE_LA,512x512x1.
00:05:45: DefaultWorkQueue('Root') shutting down on thread a40.
00:05:45: DefaultWorkQueue('Root')::WorkerFunc - thread 468 stopped.
00:05:45: DefaultWorkQueue('Root')::WorkerFunc - thread 764 stopped.
00:05:45: DefaultWorkQueue('Root')::WorkerFunc - thread 498 stopped.
00:05:45: DefaultWorkQueue('Root')::WorkerFunc - thread 129c stopped.
00:05:45: *-*-* OGRE Shutdown
00:05:45: Unregistering ResourceManager for type Compositor
00:05:45: Unregistering ResourceManager for type Font
00:05:45: Unregistering ResourceManager for type Skeleton
00:05:45: Unregistering ResourceManager for type Mesh
00:05:45: Unregistering ResourceManager for type HighLevelGpuProgram
00:05:45: Uninstalling plugin: Octree Scene Manager
00:05:45: Plugin successfully uninstalled
00:05:45: Unloading library .\Plugin_OctreeSceneManager
00:05:45: Uninstalling plugin: GL RenderSystem
00:05:45: *** Stopping Win32GL Subsystem ***
00:05:45: Plugin successfully uninstalled
00:05:45: Unloading library .\RenderSystem_GL
00:05:45: Uninstalling plugin: D3D9 RenderSystem
00:05:45: D3D9 device: 0x[0x2c69020] destroy. Releasing D3D9 texture: CloudsNormal.png
00:05:45: Released D3D9 texture: CloudsNormal.png
00:05:45: D3D9 device: 0x[0x2c69020] destroy. Releasing D3D9 texture: growth_weirdfungus-03_normalheight.dds
00:05:45: Released D3D9 texture: growth_weirdfungus-03_normalheight.dds
00:05:45: D3D9 device: 0x[0x2c69020] destroy. Releasing D3D9 texture: growth_weirdfungus-03_diffusespecular.dds
00:05:45: Released D3D9 texture: growth_weirdfungus-03_diffusespecular.dds
00:05:45: D3D9 device: 0x[0x2c69020] destroy. Releasing D3D9 texture: grass_green-01_normalheight.dds
00:05:45: Released D3D9 texture: grass_green-01_normalheight.dds
00:05:45: D3D9 device: 0x[0x2c69020] destroy. Releasing D3D9 texture: grass_green-01_diffusespecular.dds
00:05:45: Released D3D9 texture: grass_green-01_diffusespecular.dds
00:05:45: D3D9 device: 0x[0x2c69020] destroy. Releasing D3D9 texture: dirt_grayrocky_normalheight.dds
00:05:45: Released D3D9 texture: dirt_grayrocky_normalheight.dds
00:05:45: D3D9 device: 0x[0x2c69020] destroy. Releasing D3D9 texture: dirt_grayrocky_diffusespecular.dds
00:05:45: Released D3D9 texture: dirt_grayrocky_diffusespecular.dds
00:05:45: D3D9 device: 0x[0x2c69020] destroy. Releasing D3D9 texture: SkyX_Starfield.png
00:05:45: Released D3D9 texture: SkyX_Starfield.png
00:05:45: D3D9 device: 0x[0x2c69020] destroy. Releasing D3D9 texture: SkyX_Moon.png
00:05:45: Released D3D9 texture: SkyX_Moon.png
00:05:45: D3D9 device: 0x[0x2c69020] destroy. Releasing D3D9 texture: SkyX_MoonHalo.png
00:05:45: Released D3D9 texture: SkyX_MoonHalo.png
00:05:45: D3D9 device: 0x[0x2c69020] destroy. Releasing D3D9 texture: Clouds.png
00:05:45: Released D3D9 texture: Clouds.png
00:05:45: D3D9 device: 0x[0x2c69020] destroy. Releasing D3D9 texture: OgreTerrain/3349529588/nm
00:05:45: Released D3D9 texture: OgreTerrain/3349529588/nm
00:05:45: D3D9 device: 0x[0x2c69020] destroy. Releasing D3D9 texture: TerrBlend1
00:05:45: Released D3D9 texture: TerrBlend1
00:05:45: D3D9 device: 0x[0x2c69020] destroy. Releasing D3D9 texture: Fresnel.bmp
00:05:45: Released D3D9 texture: Fresnel.bmp
00:05:45: D3D9 device: 0x[0x2c69020] destroy. Releasing D3D9 texture: Foam.png
00:05:45: Released D3D9 texture: Foam.png
00:05:45: D3D9 device: 0x[0x2c69020] destroy. Releasing D3D9 texture: Caustics_0.bmp
00:05:45: Released D3D9 texture: Caustics_0.bmp
00:05:45: D3D9 device: 0x[0x2c69020] destroy. Releasing D3D9 texture: Caustics_1.bmp
00:05:45: Released D3D9 texture: Caustics_1.bmp
00:05:45: D3D9 device: 0x[0x2c69020] destroy. Releasing D3D9 texture: Caustics_2.bmp
00:05:45: Released D3D9 texture: Caustics_2.bmp
00:05:45: D3D9 device: 0x[0x2c69020] destroy. Releasing D3D9 texture: Caustics_3.bmp
00:05:45: Released D3D9 texture: Caustics_3.bmp
00:05:45: D3D9 device: 0x[0x2c69020] destroy. Releasing D3D9 texture: Caustics_4.bmp
00:05:45: Released D3D9 texture: Caustics_4.bmp
00:05:45: D3D9 device: 0x[0x2c69020] destroy. Releasing D3D9 texture: Caustics_5.bmp
00:05:45: Released D3D9 texture: Caustics_5.bmp
00:05:45: D3D9 device: 0x[0x2c69020] destroy. Releasing D3D9 texture: Caustics_6.bmp
00:05:45: Released D3D9 texture: Caustics_6.bmp
00:05:45: D3D9 device: 0x[0x2c69020] destroy. Releasing D3D9 texture: Caustics_7.bmp
00:05:45: Released D3D9 texture: Caustics_7.bmp
00:05:45: D3D9 device: 0x[0x2c69020] destroy. Releasing D3D9 texture: Caustics_8.bmp
00:05:45: Released D3D9 texture: Caustics_8.bmp
00:05:45: D3D9 device: 0x[0x2c69020] destroy. Releasing D3D9 texture: Caustics_9.bmp
00:05:45: Released D3D9 texture: Caustics_9.bmp
00:05:45: D3D9 device: 0x[0x2c69020] destroy. Releasing D3D9 texture: Caustics_10.bmp
00:05:45: Released D3D9 texture: Caustics_10.bmp
00:05:45: D3D9 device: 0x[0x2c69020] destroy. Releasing D3D9 texture: Caustics_11.bmp
00:05:45: Released D3D9 texture: Caustics_11.bmp
00:05:45: D3D9 device: 0x[0x2c69020] destroy. Releasing D3D9 texture: Caustics_12.bmp
00:05:45: Released D3D9 texture: Caustics_12.bmp
00:05:45: D3D9 device: 0x[0x2c69020] destroy. Releasing D3D9 texture: Caustics_13.bmp
00:05:45: Released D3D9 texture: Caustics_13.bmp
00:05:45: D3D9 device: 0x[0x2c69020] destroy. Releasing D3D9 texture: Caustics_14.bmp
00:05:45: Released D3D9 texture: Caustics_14.bmp
00:05:45: D3D9 device: 0x[0x2c69020] destroy. Releasing D3D9 texture: Caustics_15.bmp
00:05:45: Released D3D9 texture: Caustics_15.bmp
00:05:45: D3D9 device: 0x[0x2c69020] destroy. Releasing D3D9 texture: Caustics_16.bmp
00:05:45: Released D3D9 texture: Caustics_16.bmp
00:05:45: D3D9 device: 0x[0x2c69020] destroy. Releasing D3D9 texture: Caustics_17.bmp
00:05:45: Released D3D9 texture: Caustics_17.bmp
00:05:45: D3D9 device: 0x[0x2c69020] destroy. Releasing D3D9 texture: Caustics_18.bmp
00:05:45: Released D3D9 texture: Caustics_18.bmp
00:05:45: D3D9 device: 0x[0x2c69020] destroy. Releasing D3D9 texture: Caustics_19.bmp
00:05:45: Released D3D9 texture: Caustics_19.bmp
00:05:45: D3D9 device: 0x[0x2c69020] destroy. Releasing D3D9 texture: Caustics_20.bmp
00:05:45: Released D3D9 texture: Caustics_20.bmp
00:05:45: D3D9 device: 0x[0x2c69020] destroy. Releasing D3D9 texture: Caustics_21.bmp
00:05:45: Released D3D9 texture: Caustics_21.bmp
00:05:45: D3D9 device: 0x[0x2c69020] destroy. Releasing D3D9 texture: OgreTerrain/3349529588/lm
00:05:45: Released D3D9 texture: OgreTerrain/3349529588/lm
00:05:45: D3D9 device: 0x[0x2c69020] destroy. Releasing D3D9 texture: OgreTerrain/3349529588/comp
00:05:45: Released D3D9 texture: OgreTerrain/3349529588/comp
00:05:45: D3D9 device: 0x[0x2c69020] destroy. Releasing D3D9 texture: CloudsTile.png
00:05:45: Released D3D9 texture: CloudsTile.png
00:05:45: D3D9 device: 0x[0x2c69020] destroy. Releasing D3D9 texture: Caustics_22.bmp
00:05:45: Released D3D9 texture: Caustics_22.bmp
00:05:45: D3D9 device: 0x[0x2c69020] destroy. Releasing D3D9 texture: Caustics_23.bmp
00:05:45: Released D3D9 texture: Caustics_23.bmp
00:05:45: D3D9 device: 0x[0x2c69020] destroy. Releasing D3D9 texture: Caustics_24.bmp
00:05:45: Released D3D9 texture: Caustics_24.bmp
00:05:45: D3D9 device: 0x[0x2c69020] destroy. Releasing D3D9 texture: Caustics_25.bmp
00:05:45: Released D3D9 texture: Caustics_25.bmp
00:05:45: D3D9 device: 0x[0x2c69020] destroy. Releasing D3D9 texture: Caustics_26.bmp
00:05:45: Released D3D9 texture: Caustics_26.bmp
00:05:45: D3D9 device: 0x[0x2c69020] destroy. Releasing D3D9 texture: Caustics_27.bmp
00:05:45: Released D3D9 texture: Caustics_27.bmp
00:05:45: D3D9 device: 0x[0x2c69020] destroy. Releasing D3D9 texture: Caustics_28.bmp
00:05:45: Released D3D9 texture: Caustics_28.bmp
00:05:45: D3D9 device: 0x[0x2c69020] destroy. Releasing D3D9 texture: Caustics_29.bmp
00:05:45: Released D3D9 texture: Caustics_29.bmp
00:05:45: D3D9 device: 0x[0x2c69020] destroy. Releasing D3D9 texture: Caustics_30.bmp
00:05:45: Released D3D9 texture: Caustics_30.bmp
00:05:45: D3D9 device: 0x[0x2c69020] destroy. Releasing D3D9 texture: Caustics_31.bmp
00:05:45: Released D3D9 texture: Caustics_31.bmp
00:05:45: D3D9 device: 0x[0x2c69020] destroy. Releasing D3D9 texture: HydraxReflectionMap
00:05:45: Released D3D9 texture: HydraxReflectionMap
00:05:45: D3D9 device: 0x[0x2c69020] destroy. Releasing D3D9 texture: HydraxRefractionMap
00:05:45: Released D3D9 texture: HydraxRefractionMap
00:05:45: D3D9 device: 0x[0x2c69020] destroy. Releasing D3D9 texture: HydraxDepthMap
00:05:45: Released D3D9 texture: HydraxDepthMap
00:05:45: D3D9 : Shutting down cleanly.
00:05:45: Unregistering ResourceManager for type Texture
00:05:45: Unregistering ResourceManager for type GpuProgram
00:05:45: D3D9 : Direct3D9 Rendering Subsystem destroyed.
00:05:45: Plugin successfully uninstalled
00:05:45: Unloading library .\RenderSystem_Direct3D9
00:05:45: Unregistering ResourceManager for type Material
